-- faultwall audit --fix: new per-agent role fw_agent_support_bot
-- Generates the database privileges that can be represented natively, and identifies controls that still require Faultwall.
-- Based on what app_user can read in database shop. Printed only, nothing was run.
-- Run it as an admin after reading it. It creates one new role and grants to it.
-- It does not change app_user or any other existing role, so your app keeps working.
-- Secret-looking columns are left out with column-level grants. Views that read them are left out.

BEGIN;

-- 1. The role. NOLOGIN: FaultWall's proxy switches to it (db_role on the Agents page).
--    For an agent that connects to Postgres directly instead, use this line in place of the next one:
--    CREATE ROLE fw_agent_support_bot LOGIN PASSWORD 'choose-a-long-random-password';
CREATE ROLE fw_agent_support_bot NOLOGIN;

-- To use it through FaultWall, let the proxy's login switch to it, then set the agent's
-- Database role on the Agents page (or rerun with --proxy-role NAME):
--    GRANT fw_agent_support_bot TO faultwall_proxy;

-- 2. Schema access.
GRANT USAGE ON SCHEMA public TO fw_agent_support_bot;

-- 3. Read access (7 tables and views).
GRANT SELECT (id, email) ON public.users TO fw_agent_support_bot;  -- leaves out password_hash
GRANT SELECT ON public.orders TO fw_agent_support_bot;
GRANT SELECT ON public.tickets TO fw_agent_support_bot;
GRANT SELECT ON public.ledger TO fw_agent_support_bot;
GRANT SELECT (id, "Mixed Case", "select") ON public."Weird ""Name""" TO fw_agent_support_bot;  -- leaves out api_token
GRANT SELECT (id, event) ON public.audit_log TO fw_agent_support_bot;  -- leaves out actor_ssn
GRANT SELECT ON public.order_totals TO fw_agent_support_bot;
-- Note: on the 3 tables granted by column, SELECT * fails for fw_agent_support_bot (permission denied).
-- Agents have to name the columns they need. That is the point: * would include the secret column.
-- Left out because they read secret-looking columns:
--    public.user_logins (view reads public.users.password_hash)

-- 4. Writes.
GRANT INSERT, UPDATE, DELETE ON public.tickets TO fw_agent_support_bot;
GRANT USAGE ON SEQUENCE public.tickets_id_seq TO fw_agent_support_bot;

-- Row-level security is on for public.tickets.
-- Policies apply to fw_agent_support_bot only if they are written TO PUBLIC or name it. Check them before relying on it.

COMMIT;

-- Still inherited through PUBLIC (affects every role, review with your DBA)
-- fw_agent_support_bot gets these too, because they are granted to PUBLIC, not to any one role.
-- This script does not change them: it only creates and grants to the new role.
--   - EXECUTE on public.dblink* (granted to PUBLIC).

-- Still requires Faultwall
-- These controls can't be written as Postgres grants for fw_agent_support_bot (enforced by Faultwall):
--   - Writes without a WHERE clause: fw_agent_support_bot can UPDATE or DELETE every row of public.tickets in one statement. A grant can't require a WHERE.
--   - Row-count caps: nothing stops one UPDATE or DELETE from fw_agent_support_bot touching every row of public.tickets.
--   - Approval before a write: Postgres can't pause fw_agent_support_bot's writes to public.tickets until a person approves them.
--   - Per-agent identity: if more than one agent uses fw_agent_support_bot, Postgres sees them as the same role. FaultWall gives each agent its own key on top of it.
--   - Query-shape rules: Postgres can't refuse a statement by its shape (a SELECT with no LIMIT, a bulk export, a query that joins every table).
--
-- Want this for your agent's real traffic? Free 48h read: https://faultwall.com
